------------------------------------------------------------
Timing Analyzer Summary
------------------------------------------------------------

Type  : Slow 1200mV 125C Model Setup 'clk'
Slack : -6.511
TNS   : -267.624

Type  : Slow 1200mV 125C Model Setup 'datapath:dP|counter:count|out[3]'
Slack : -1.461
TNS   : -13.876

Type  : Slow 1200mV 125C Model Hold 'clk'
Slack : 0.429
TNS   : 0.000

Type  : Slow 1200mV 125C Model Hold 'datapath:dP|counter:count|out[3]'
Slack : 0.558
TNS   : 0.000

Type  : Slow 1200mV 125C Model Minimum Pulse Width 'clk'
Slack : -3.000
TNS   : -140.332

Type  : Slow 1200mV 125C Model Minimum Pulse Width 'datapath:dP|counter:count|out[3]'
Slack : 0.384
TNS   : 0.000

Type  : Slow 1200mV -40C Model Setup 'clk'
Slack : -5.562
TNS   : -222.934

Type  : Slow 1200mV -40C Model Setup 'datapath:dP|counter:count|out[3]'
Slack : -1.058
TNS   : -9.818

Type  : Slow 1200mV -40C Model Hold 'clk'
Slack : 0.345
TNS   : 0.000

Type  : Slow 1200mV -40C Model Hold 'datapath:dP|counter:count|out[3]'
Slack : 0.429
TNS   : 0.000

Type  : Slow 1200mV -40C Model Minimum Pulse Width 'clk'
Slack : -3.000
TNS   : -128.100

Type  : Slow 1200mV -40C Model Minimum Pulse Width 'datapath:dP|counter:count|out[3]'
Slack : 0.468
TNS   : 0.000

Type  : Fast 1200mV -40C Model Setup 'clk'
Slack : -2.462
TNS   : -84.225

Type  : Fast 1200mV -40C Model Setup 'datapath:dP|counter:count|out[3]'
Slack : -0.111
TNS   : -0.381

Type  : Fast 1200mV -40C Model Hold 'clk'
Slack : 0.180
TNS   : 0.000

Type  : Fast 1200mV -40C Model Hold 'datapath:dP|counter:count|out[3]'
Slack : 0.194
TNS   : 0.000

Type  : Fast 1200mV -40C Model Minimum Pulse Width 'clk'
Slack : -3.000
TNS   : -83.832

Type  : Fast 1200mV -40C Model Minimum Pulse Width 'datapath:dP|counter:count|out[3]'
Slack : 0.351
TNS   : 0.000

------------------------------------------------------------
